TAPTRACE - attaque temporelle
Badge cible : 1

byte0 : A=rang1=ad marge=60.0, B=rang1=ad marge=60.0
byte0 -> consensus ad (accord 2/2)
byte 0: ad
byte1 : A=rang1=cd marge=31.0, B=rang1=cd marge=30.0
byte1 -> consensus cd (accord 2/2)
byte 1: cd
byte2 : A=rang1=59 marge=20.0, B=rang1=59 marge=20.0
byte2 -> consensus 59 (accord 2/2)
byte 2: 59
byte3 : A=rang1=43 marge=50.0, B=rang1=43 marge=50.0
byte3 -> consensus 43 (accord 2/2)
byte 3: 43
byte4 : A=rang1=fc marge=61.0, B=rang1=fc marge=60.0
byte4 -> consensus fc (accord 2/2)
byte 4: fc
byte5 : A=rang1=45 marge=31.0, B=rang1=45 marge=40.0
byte5 -> consensus 45 (accord 2/2)
byte 5: 45
byte6 : A=rang1=5a marge=40.0, B=rang1=5a marge=40.0
byte6 -> consensus 5a (accord 2/2)
byte 6: 5a
byte7 : A=rang1=1e marge=29.0, B=rang1=1e marge=20.0
byte7 -> consensus 1e (accord 2/2)
byte 7: 1e

Vecteur d'acces recupere :
ad cd 59 43 fc 45 5a 1e

requetes : 45569600
secondes_ecoulees : 641.6
accords : byte0=2/2, byte1=2/2, byte2=2/2, byte3=2/2, byte4=2/2, byte5=2/2, byte6=2/2, byte7=2/2
